// Jest Snapshot v1, https://goo.gl/fbAQLP

exports[`Empty Stack 1`] = `
Object {
  "Parameters": Object {
    "AssetParameters348ff99a28d930f21c3d99fe76ac7759ec0c0cdfb9598f7e433d9d0971b49f14ArtifactHash6B2FB1FA": Object {
      "Description": "Artifact hash for asset \\"348ff99a28d930f21c3d99fe76ac7759ec0c0cdfb9598f7e433d9d0971b49f14\\"",
      "Type": "String",
    },
    "AssetParameters348ff99a28d930f21c3d99fe76ac7759ec0c0cdfb9598f7e433d9d0971b49f14S3Bucket9F053FB6": Object {
      "Description": "S3 bucket for asset \\"348ff99a28d930f21c3d99fe76ac7759ec0c0cdfb9598f7e433d9d0971b49f14\\"",
      "Type": "String",
    },
    "AssetParameters348ff99a28d930f21c3d99fe76ac7759ec0c0cdfb9598f7e433d9d0971b49f14S3VersionKey112A6715": Object {
      "Description": "S3 key for asset version \\"348ff99a28d930f21c3d99fe76ac7759ec0c0cdfb9598f7e433d9d0971b49f14\\"",
      "Type": "String",
    },
    "SlackBotTokenParameter": Object {
      "Default": "/olddante/slack/bot_token",
      "Type": "AWS::SSM::Parameter::Value<String>",
    },
    "SlackSigningSecretParameter": Object {
      "Default": "/olddante/slack/signing_secret",
      "Type": "AWS::SSM::Parameter::Value<String>",
    },
  },
  "Resources": Object {
    "MyTestStackBucket8E3B7739": Object {
      "DeletionPolicy": "Retain",
      "Properties": Object {
        "PublicAccessBlockConfiguration": Object {
          "BlockPublicAcls": true,
          "BlockPublicPolicy": true,
          "IgnorePublicAcls": true,
          "RestrictPublicBuckets": true,
        },
      },
      "Type": "AWS::S3::Bucket",
      "UpdateReplacePolicy": "Retain",
    },
    "MyTestStackLambdaE1C4A331": Object {
      "DependsOn": Array [
        "MyTestStackLambdaServiceRoleDefaultPolicy739F0D62",
        "MyTestStackLambdaServiceRole0CC86EF6",
      ],
      "Properties": Object {
        "Code": Object {
          "S3Bucket": Object {
            "Ref": "AssetParameters348ff99a28d930f21c3d99fe76ac7759ec0c0cdfb9598f7e433d9d0971b49f14S3Bucket9F053FB6",
          },
          "S3Key": Object {
            "Fn::Join": Array [
              "",
              Array [
                Object {
                  "Fn::Select": Array [
                    0,
                    Object {
                      "Fn::Split": Array [
                        "||",
                        Object {
                          "Ref": "AssetParameters348ff99a28d930f21c3d99fe76ac7759ec0c0cdfb9598f7e433d9d0971b49f14S3VersionKey112A6715",
                        },
                      ],
                    },
                  ],
                },
                Object {
                  "Fn::Select": Array [
                    1,
                    Object {
                      "Fn::Split": Array [
                        "||",
                        Object {
                          "Ref": "AssetParameters348ff99a28d930f21c3d99fe76ac7759ec0c0cdfb9598f7e433d9d0971b49f14S3VersionKey112A6715",
                        },
                      ],
                    },
                  ],
                },
              ],
            ],
          },
        },
        "Environment": Object {
          "Variables": Object {
            "bucketName": Object {
              "Ref": "MyTestStackBucket8E3B7739",
            },
          },
        },
        "FunctionName": "MyTestStackLambda",
        "Handler": "main.my_handler",
        "MemorySize": 512,
        "Role": Object {
          "Fn::GetAtt": Array [
            "MyTestStackLambdaServiceRole0CC86EF6",
            "Arn",
          ],
        },
        "Runtime": "python3.7",
        "Timeout": 60,
      },
      "Type": "AWS::Lambda::Function",
    },
    "MyTestStackLambdaServiceRole0CC86EF6": Object {
      "Properties": Object {
        "AssumeRolePolicyDocument": Object {
          "Statement": Array [
            Object {
              "Action": "sts:AssumeRole",
              "Effect": "Allow",
              "Principal": Object {
                "Service": "lambda.amazonaws.com",
              },
            },
          ],
          "Version": "2012-10-17",
        },
        "ManagedPolicyArns": Array [
          Object {
            "Fn::Join": Array [
              "",
              Array [
                "arn:",
                Object {
                  "Ref": "AWS::Partition",
                },
                ":iam::aws:policy/service-role/AWSLambdaBasicExecutionRole",
              ],
            ],
          },
        ],
      },
      "Type": "AWS::IAM::Role",
    },
    "MyTestStackLambdaServiceRoleDefaultPolicy739F0D62": Object {
      "Properties": Object {
        "PolicyDocument": Object {
          "Statement": Array [
            Object {
              "Action": Array [
                "s3:GetObject*",
                "s3:GetBucket*",
                "s3:List*",
              ],
              "Effect": "Allow",
              "Resource": Array [
                Object {
                  "Fn::GetAtt": Array [
                    "MyTestStackBucket8E3B7739",
                    "Arn",
                  ],
                },
                Object {
                  "Fn::Join": Array [
                    "",
                    Array [
                      Object {
                        "Fn::GetAtt": Array [
                          "MyTestStackBucket8E3B7739",
                          "Arn",
                        ],
                      },
                      "/*",
                    ],
                  ],
                },
              ],
            },
            Object {
              "Action": Array [
                "ssm:DescribeParameters",
                "ssm:GetParameters",
                "ssm:GetParameter",
                "ssm:GetParameterHistory",
              ],
              "Effect": "Allow",
              "Resource": Object {
                "Fn::Join": Array [
                  "",
                  Array [
                    "arn:",
                    Object {
                      "Ref": "AWS::Partition",
                    },
                    ":ssm:",
                    Object {
                      "Ref": "AWS::Region",
                    },
                    ":",
                    Object {
                      "Ref": "AWS::AccountId",
                    },
                    ":parameter/olddante/slack/bot_token",
                  ],
                ],
              },
            },
            Object {
              "Action": Array [
                "ssm:DescribeParameters",
                "ssm:GetParameters",
                "ssm:GetParameter",
                "ssm:GetParameterHistory",
              ],
              "Effect": "Allow",
              "Resource": Object {
                "Fn::Join": Array [
                  "",
                  Array [
                    "arn:",
                    Object {
                      "Ref": "AWS::Partition",
                    },
                    ":ssm:",
                    Object {
                      "Ref": "AWS::Region",
                    },
                    ":",
                    Object {
                      "Ref": "AWS::AccountId",
                    },
                    ":parameter/olddante/slack/signing_secret",
                  ],
                ],
              },
            },
          ],
          "Version": "2012-10-17",
        },
        "PolicyName": "MyTestStackLambdaServiceRoleDefaultPolicy739F0D62",
        "Roles": Array [
          Object {
            "Ref": "MyTestStackLambdaServiceRole0CC86EF6",
          },
        ],
      },
      "Type": "AWS::IAM::Policy",
    },
  },
}
`;
